exports[`test should render 1`] = `
<Tooltip
  mouseEnterDelay={0.5}
  overlay="issue.this_issue_involves_x_code_locations.7"
  placement="bottom">
  <LocationIndex
    selected={false}>
    +
    7
  </LocationIndex>
</Tooltip>
`;
