// Jest Snapshot v1, https://goo.gl/fbAQLP

exports[`renders 1`] = `
<ContextNavBar
  height={65}
  id="context-navigation"
>
  <ComponentNavFavorite
    component="component"
  />
  <ComponentNavBreadcrumbs
    breadcrumbs={
      Array [
        Object {
          "key": "component",
          "name": "component",
          "qualifier": "TRK",
        },
      ]
    }
    component={
      Object {
        "breadcrumbs": Array [
          Object {
            "key": "component",
            "name": "component",
            "qualifier": "TRK",
          },
        ],
        "key": "component",
        "name": "component",
        "organization": "org",
        "qualifier": "TRK",
      }
    }
  />
  <ComponentNavMeta
    component={
      Object {
        "breadcrumbs": Array [
          Object {
            "key": "component",
            "name": "component",
            "qualifier": "TRK",
          },
        ],
        "key": "component",
        "name": "component",
        "organization": "org",
        "qualifier": "TRK",
      }
    }
    conf={Object {}}
    incremental={true}
    isFailed={true}
    isInProgress={true}
    isPending={true}
  />
  <ComponentNavMenu
    component={
      Object {
        "breadcrumbs": Array [
          Object {
            "key": "component",
            "name": "component",
            "qualifier": "TRK",
          },
        ],
        "key": "component",
        "name": "component",
        "organization": "org",
        "qualifier": "TRK",
      }
    }
    conf={Object {}}
    location={Object {}}
  />
</ContextNavBar>
`;
